channel_strip no_complaint {'offset': 0.0, 'fpr': 0.0, 'tpr': 0.16666666666666666}
channel_strip no_complaint {'offset': 1.0, 'fpr': 0.005, 'tpr': 0.21666666666666667}
channel_strip no_complaint {'offset': 2.0, 'fpr': 0.04, 'tpr': 0.21666666666666667}
channel_strip no_complaint {'offset': 4.0, 'fpr': 0.26, 'tpr': 0.6166666666666667}
channel_strip no_complaint {'offset': 3.0, 'fpr': 0.075, 'tpr': 0.3333333333333333}
channel_strip no_complaint {'offset': 2.5, 'fpr': 0.06, 'tpr': 0.3}
channel_strip no_complaint {'offset': 2.2, 'fpr': 0.045, 'tpr': 0.25}
channel_strip no_complaint {'offset': 2.4, 'fpr': 0.055, 'tpr': 0.26666666666666666}
channel_strip no_complaint {'offset': 2.3, 'fpr': 0.05, 'tpr': 0.25}
channel_strip complaint {'offset': 0.0, 'fpr': 0.0, 'tpr': 0.18333333333333332}
channel_strip complaint {'offset': 1.0, 'fpr': 0.0, 'tpr': 0.2}
channel_strip complaint {'offset': 2.0, 'fpr': 0.0, 'tpr': 0.23333333333333334}
channel_strip complaint {'offset': 4.0, 'fpr': 0.09, 'tpr': 0.36666666666666664}
channel_strip complaint {'offset': 3.0, 'fpr': 0.01, 'tpr': 0.26666666666666666}
channel_strip complaint {'offset': 3.5, 'fpr': 0.04, 'tpr': 0.2833333333333333}
channel_strip complaint {'offset': 3.8, 'fpr': 0.05, 'tpr': 0.35}
channel_strip complaint {'offset': 3.9, 'fpr': 0.075, 'tpr': 0.3333333333333333}
channel_strip chosen {"no_complaint": {"offset": 2.2, "fpr": 0.045, "tpr": 0.25}, "complaint": {"offset": 3.8, "fpr": 0.05, "tpr": 0.35}} 306.4 s
psu no_complaint {'offset': 0.0, 'fpr': 0.0, 'tpr': 0.2}
psu no_complaint {'offset': 1.0, 'fpr': 0.0, 'tpr': 0.25}
psu no_complaint {'offset': 2.0, 'fpr': 0.0, 'tpr': 0.35}
psu no_complaint {'offset': 4.0, 'fpr': 0.2125, 'tpr': 0.75}
psu no_complaint {'offset': 3.0, 'fpr': 0.075, 'tpr': 0.55}
psu no_complaint {'offset': 2.5, 'fpr': 0.0375, 'tpr': 0.4}
psu no_complaint {'offset': 2.8, 'fpr': 0.05, 'tpr': 0.5}
psu no_complaint {'offset': 2.9, 'fpr': 0.0625, 'tpr': 0.55}
psu complaint {'offset': 0.0, 'fpr': 0.0, 'tpr': 0.05}
psu complaint {'offset': 1.0, 'fpr': 0.0, 'tpr': 0.05}
psu complaint {'offset': 2.0, 'fpr': 0.0, 'tpr': 0.15}
psu complaint {'offset': 4.0, 'fpr': 0.025, 'tpr': 0.45}
psu complaint {'offset': 6.0, 'fpr': 1.0, 'tpr': 1.0}
psu complaint {'offset': 5.0, 'fpr': 0.6125, 'tpr': 0.9}
psu complaint {'offset': 4.5, 'fpr': 0.2625, 'tpr': 0.65}
psu complaint {'offset': 4.2, 'fpr': 0.0625, 'tpr': 0.45}
psu complaint {'offset': 4.1, 'fpr': 0.0625, 'tpr': 0.5}
psu chosen {"no_complaint": {"offset": 2.8, "fpr": 0.05, "tpr": 0.5}, "complaint": {"offset": 4.0, "fpr": 0.025, "tpr": 0.45}} 12.5 s
triode no_complaint {'offset': 0.0, 'fpr': 0.0, 'tpr': 0.3}
triode no_complaint {'offset': 1.0, 'fpr': 0.0, 'tpr': 0.35}
triode no_complaint {'offset': 2.0, 'fpr': 0.0, 'tpr': 0.35}
triode no_complaint {'offset': 4.0, 'fpr': 0.0375, 'tpr': 0.45}
triode no_complaint {'offset': 6.0, 'fpr': 1.0, 'tpr': 1.0}
triode no_complaint {'offset': 5.0, 'fpr': 0.7375, 'tpr': 0.85}
triode no_complaint {'offset': 4.5, 'fpr': 0.2, 'tpr': 0.65}
triode no_complaint {'offset': 4.2, 'fpr': 0.0375, 'tpr': 0.5}
triode no_complaint {'offset': 4.3, 'fpr': 0.05, 'tpr': 0.5}
triode no_complaint {'offset': 4.4, 'fpr': 0.125, 'tpr': 0.6}
triode complaint {'offset': 0.0, 'fpr': 0.0, 'tpr': 0.45}
triode complaint {'offset': 1.0, 'fpr': 0.0, 'tpr': 0.45}
triode complaint {'offset': 2.0, 'fpr': 0.0, 'tpr': 0.5}
triode complaint {'offset': 4.0, 'fpr': 0.0, 'tpr': 0.45}
triode complaint {'offset': 6.0, 'fpr': 0.8125, 'tpr': 0.85}
triode complaint {'offset': 5.0, 'fpr': 0.3, 'tpr': 0.7}
triode complaint {'offset': 4.5, 'fpr': 0.0125, 'tpr': 0.5}
triode complaint {'offset': 4.8, 'fpr': 0.0875, 'tpr': 0.55}
triode complaint {'offset': 4.6, 'fpr': 0.0375, 'tpr': 0.5}
triode complaint {'offset': 4.7, 'fpr': 0.0375, 'tpr': 0.55}
triode chosen {"no_complaint": {"offset": 4.2, "fpr": 0.0375, "tpr": 0.5}, "complaint": {"offset": 4.7, "fpr": 0.0375, "tpr": 0.55}} 7.5 s
tone no_complaint {'offset': 0.0, 'fpr': 0.0, 'tpr': 0.6}
tone no_complaint {'offset': 1.0, 'fpr': 0.0125, 'tpr': 0.75}
tone no_complaint {'offset': 2.0, 'fpr': 0.975, 'tpr': 1.0}
tone no_complaint {'offset': 1.5, 'fpr': 0.05, 'tpr': 0.8}
tone no_complaint {'offset': 1.8, 'fpr': 0.1625, 'tpr': 0.8}
tone no_complaint {'offset': 1.6, 'fpr': 0.0625, 'tpr': 0.8}
tone complaint {'offset': 0.0, 'fpr': 0.0, 'tpr': 0.6}
tone complaint {'offset': 1.0, 'fpr': 0.0, 'tpr': 0.6}
tone complaint {'offset': 2.0, 'fpr': 0.0375, 'tpr': 0.7}
tone complaint {'offset': 4.0, 'fpr': 0.85, 'tpr': 0.8}
tone complaint {'offset': 3.0, 'fpr': 0.6625, 'tpr': 0.8}
tone complaint {'offset': 2.5, 'fpr': 0.45, 'tpr': 0.75}
tone complaint {'offset': 2.2, 'fpr': 0.0625, 'tpr': 0.7}
tone complaint {'offset': 2.1, 'fpr': 0.05, 'tpr': 0.7}
tone chosen {"no_complaint": {"offset": 1.5, "fpr": 0.05, "tpr": 0.8}, "complaint": {"offset": 2.0, "fpr": 0.0375, "tpr": 0.7}} 3.0 s
opamp no_complaint {'offset': 0.0, 'fpr': 0.0, 'tpr': 0.3}
opamp no_complaint {'offset': 1.0, 'fpr': 0.0, 'tpr': 0.35}
opamp no_complaint {'offset': 2.0, 'fpr': 0.0, 'tpr': 0.25}
opamp no_complaint {'offset': 4.0, 'fpr': 0.0125, 'tpr': 0.45}
opamp no_complaint {'offset': 6.0, 'fpr': 1.0, 'tpr': 1.0}
opamp no_complaint {'offset': 5.0, 'fpr': 0.15, 'tpr': 0.55}
opamp no_complaint {'offset': 4.5, 'fpr': 0.0625, 'tpr': 0.45}
opamp no_complaint {'offset': 4.2, 'fpr': 0.0375, 'tpr': 0.4}
opamp no_complaint {'offset': 4.3, 'fpr': 0.05, 'tpr': 0.4}
opamp no_complaint {'offset': 4.4, 'fpr': 0.0625, 'tpr': 0.4}
opamp complaint {'offset': 0.0, 'fpr': 0.0, 'tpr': 0.25}
opamp complaint {'offset': 1.0, 'fpr': 0.0, 'tpr': 0.25}
opamp complaint {'offset': 2.0, 'fpr': 0.0, 'tpr': 0.25}
opamp complaint {'offset': 4.0, 'fpr': 0.0, 'tpr': 0.4}
opamp complaint {'offset': 6.0, 'fpr': 0.675, 'tpr': 0.85}
opamp complaint {'offset': 5.0, 'fpr': 0.0375, 'tpr': 0.45}
opamp complaint {'offset': 5.5, 'fpr': 0.175, 'tpr': 0.55}
opamp complaint {'offset': 5.2, 'fpr': 0.0625, 'tpr': 0.55}
opamp complaint {'offset': 5.1, 'fpr': 0.0625, 'tpr': 0.45}
opamp chosen {"no_complaint": {"offset": 4.0, "fpr": 0.0125, "tpr": 0.45}, "complaint": {"offset": 5.0, "fpr": 0.0375, "tpr": 0.45}} 11.9 s
driver no_complaint {'offset': 0.0, 'fpr': 0.0, 'tpr': 0.15}
driver no_complaint {'offset': 1.0, 'fpr': 0.0, 'tpr': 0.3}
driver no_complaint {'offset': 2.0, 'fpr': 0.0125, 'tpr': 0.35}
driver no_complaint {'offset': 4.0, 'fpr': 0.075, 'tpr': 0.45}
driver no_complaint {'offset': 3.0, 'fpr': 0.0375, 'tpr': 0.3}
driver no_complaint {'offset': 3.5, 'fpr': 0.05, 'tpr': 0.4}
driver no_complaint {'offset': 3.8, 'fpr': 0.0625, 'tpr': 0.45}
driver no_complaint {'offset': 3.6, 'fpr': 0.0625, 'tpr': 0.35}
driver complaint {'offset': 0.0, 'fpr': 0.0, 'tpr': 0.45}
driver complaint {'offset': 1.0, 'fpr': 0.0, 'tpr': 0.5}
driver complaint {'offset': 2.0, 'fpr': 0.0125, 'tpr': 0.5}
driver complaint {'offset': 4.0, 'fpr': 0.0375, 'tpr': 0.55}
driver complaint {'offset': 6.0, 'fpr': 0.8375, 'tpr': 1.0}
driver complaint {'offset': 5.0, 'fpr': 0.1, 'tpr': 0.7}
driver complaint {'offset': 4.5, 'fpr': 0.05, 'tpr': 0.65}
driver complaint {'offset': 4.8, 'fpr': 0.0625, 'tpr': 0.6}
driver complaint {'offset': 4.6, 'fpr': 0.0625, 'tpr': 0.65}
driver chosen {"no_complaint": {"offset": 3.5, "fpr": 0.05, "tpr": 0.4}, "complaint": {"offset": 4.5, "fpr": 0.05, "tpr": 0.65}} 11.0 s
