[03:14:58] start
[03:42:27] STAGE sim_train done
[03:49:29] STAGE sim_val done
channel_strip unmodeled_val: 60 cases (3 rejected draws)
psu unmodeled_val: 20 cases (2 rejected draws)
triode unmodeled_val: 20 cases (3 rejected draws)
tone unmodeled_val: 20 cases (4 rejected draws)
opamp unmodeled_val: 20 cases (1 rejected draws)
driver unmodeled_val: 20 cases (2 rejected draws)
channel_strip unmodeled_pilot: 125 cases (19 rejected draws)
psu unmodeled_pilot: 25 cases (3 rejected draws)
triode unmodeled_pilot: 25 cases (1 rejected draws)
tone unmodeled_pilot: 25 cases (8 rejected draws)
opamp unmodeled_pilot: 25 cases (5 rejected draws)
driver unmodeled_pilot: 25 cases (7 rejected draws)
channel_strip pilot: 200 cases (60 rejected draws)
psu pilot: 60 cases (48 rejected draws)
triode pilot: 60 cases (5 rejected draws)
tone pilot: 60 cases (20 rejected draws)
opamp pilot: 60 cases (2 rejected draws)
driver pilot: 60 cases (16 rejected draws)
channel_strip test: 500 cases (145 rejected draws)
psu test: 100 cases (107 rejected draws)
triode test: 100 cases (14 rejected draws)
tone test: 100 cases (26 rejected draws)
opamp test: 100 cases (4 rejected draws)
driver test: 100 cases (29 rejected draws)
channel_strip unmodeled_test: 250 cases (42 rejected draws)
psu unmodeled_test: 50 cases (6 rejected draws)
triode unmodeled_test: 50 cases (13 rejected draws)
tone unmodeled_test: 50 cases (14 rejected draws)
opamp unmodeled_test: 50 cases (11 rejected draws)
driver unmodeled_test: 50 cases (6 rejected draws)
channel_strip pilot_aged: 200 cases (48 rejected draws)
psu pilot_aged: 60 cases (66 rejected draws)
triode pilot_aged: 60 cases (9 rejected draws)
tone pilot_aged: 60 cases (15 rejected draws)
opamp pilot_aged: 60 cases (1 rejected draws)
driver pilot_aged: 60 cases (18 rejected draws)
channel_strip test_aged: 500 cases (95 rejected draws)
psu test_aged: 100 cases (115 rejected draws)
triode test_aged: 100 cases (9 rejected draws)
tone test_aged: 100 cases (15 rejected draws)
opamp test_aged: 100 cases (5 rejected draws)
driver test_aged: 100 cases (47 rejected draws)
channel_strip pilot_wide: 150 cases (37 rejected draws)
channel_strip test_wide: 300 cases (74 rejected draws)
channel_strip test_wide2: 300 cases (69 rejected draws)
channel_strip test_wide3: 300 cases (36 rejected draws)
complaint texts written (bank B present; 0 bank-B texts with leakage); nothing scored
[03:56:31] STAGE cases done
