channel_strip no_complaint {'offset': 0.0, 'fpr': 0.0, 'tpr': 0.15}
channel_strip no_complaint {'offset': 1.0, 'fpr': 0.005, 'tpr': 0.16666666666666666}
channel_strip no_complaint {'offset': 2.0, 'fpr': 0.02, 'tpr': 0.26666666666666666}
channel_strip no_complaint {'offset': 4.0, 'fpr': 0.62, 'tpr': 0.75}
channel_strip no_complaint {'offset': 3.0, 'fpr': 0.07, 'tpr': 0.4}
channel_strip no_complaint {'offset': 2.5, 'fpr': 0.03, 'tpr': 0.35}
channel_strip no_complaint {'offset': 2.8, 'fpr': 0.04, 'tpr': 0.38333333333333336}
channel_strip no_complaint {'offset': 2.9, 'fpr': 0.065, 'tpr': 0.36666666666666664}
channel_strip complaint {'offset': 0.0, 'fpr': 0.0, 'tpr': 0.23333333333333334}
channel_strip complaint {'offset': 1.0, 'fpr': 0.0, 'tpr': 0.25}
channel_strip complaint {'offset': 2.0, 'fpr': 0.0, 'tpr': 0.31666666666666665}
channel_strip complaint {'offset': 4.0, 'fpr': 0.225, 'tpr': 0.5333333333333333}
channel_strip complaint {'offset': 3.0, 'fpr': 0.01, 'tpr': 0.4166666666666667}
channel_strip complaint {'offset': 3.5, 'fpr': 0.06, 'tpr': 0.43333333333333335}
channel_strip complaint {'offset': 3.2, 'fpr': 0.025, 'tpr': 0.38333333333333336}
channel_strip complaint {'offset': 3.4, 'fpr': 0.045, 'tpr': 0.4166666666666667}
channel_strip chosen {"no_complaint": {"offset": 2.8, "fpr": 0.04, "tpr": 0.38333333333333336}, "complaint": {"offset": 3.0, "fpr": 0.01, "tpr": 0.4166666666666667}} 340.5 s
psu no_complaint {'offset': 0.0, 'fpr': 0.0, 'tpr': 0.25}
psu no_complaint {'offset': 1.0, 'fpr': 0.0, 'tpr': 0.3}
psu no_complaint {'offset': 2.0, 'fpr': 0.0, 'tpr': 0.3}
psu no_complaint {'offset': 4.0, 'fpr': 0.2, 'tpr': 0.75}
psu no_complaint {'offset': 3.0, 'fpr': 0.0375, 'tpr': 0.6}
psu no_complaint {'offset': 3.5, 'fpr': 0.075, 'tpr': 0.7}
psu no_complaint {'offset': 3.2, 'fpr': 0.0875, 'tpr': 0.55}
psu no_complaint {'offset': 3.1, 'fpr': 0.05, 'tpr': 0.55}
psu complaint {'offset': 0.0, 'fpr': 0.0, 'tpr': 0.3}
psu complaint {'offset': 1.0, 'fpr': 0.0, 'tpr': 0.3}
psu complaint {'offset': 2.0, 'fpr': 0.0, 'tpr': 0.3}
psu complaint {'offset': 4.0, 'fpr': 0.05, 'tpr': 0.55}
psu complaint {'offset': 6.0, 'fpr': 1.0, 'tpr': 0.75}
psu complaint {'offset': 5.0, 'fpr': 0.7375, 'tpr': 0.7}
psu complaint {'offset': 4.5, 'fpr': 0.2625, 'tpr': 0.65}
psu complaint {'offset': 4.2, 'fpr': 0.1125, 'tpr': 0.6}
psu complaint {'offset': 4.1, 'fpr': 0.05, 'tpr': 0.6}
psu chosen {"no_complaint": {"offset": 3.0, "fpr": 0.0375, "tpr": 0.6}, "complaint": {"offset": 4.1, "fpr": 0.05, "tpr": 0.6}} 13.4 s
triode no_complaint {'offset': 0.0, 'fpr': 0.0, 'tpr': 0.45}
triode no_complaint {'offset': 1.0, 'fpr': 0.0, 'tpr': 0.55}
triode no_complaint {'offset': 2.0, 'fpr': 0.0, 'tpr': 0.55}
triode no_complaint {'offset': 4.0, 'fpr': 0.6125, 'tpr': 0.9}
triode no_complaint {'offset': 3.0, 'fpr': 0.0375, 'tpr': 0.6}
triode no_complaint {'offset': 3.5, 'fpr': 0.3, 'tpr': 0.75}
triode no_complaint {'offset': 3.2, 'fpr': 0.125, 'tpr': 0.6}
triode no_complaint {'offset': 3.1, 'fpr': 0.0625, 'tpr': 0.6}
triode complaint {'offset': 0.0, 'fpr': 0.0, 'tpr': 0.55}
triode complaint {'offset': 1.0, 'fpr': 0.0, 'tpr': 0.6}
triode complaint {'offset': 2.0, 'fpr': 0.0, 'tpr': 0.55}
triode complaint {'offset': 4.0, 'fpr': 0.3125, 'tpr': 0.65}
triode complaint {'offset': 3.0, 'fpr': 0.0, 'tpr': 0.65}
triode complaint {'offset': 3.5, 'fpr': 0.05, 'tpr': 0.65}
triode complaint {'offset': 3.8, 'fpr': 0.1625, 'tpr': 0.65}
triode complaint {'offset': 3.6, 'fpr': 0.075, 'tpr': 0.65}
triode chosen {"no_complaint": {"offset": 3.0, "fpr": 0.0375, "tpr": 0.6}, "complaint": {"offset": 3.0, "fpr": 0.0, "tpr": 0.65}} 6.7 s
tone no_complaint {'offset': 0.0, 'fpr': 0.0, 'tpr': 0.6}
tone no_complaint {'offset': 1.0, 'fpr': 0.0125, 'tpr': 0.7}
tone no_complaint {'offset': 2.0, 'fpr': 1.0, 'tpr': 1.0}
tone no_complaint {'offset': 1.5, 'fpr': 0.0625, 'tpr': 0.85}
tone no_complaint {'offset': 1.2, 'fpr': 0.0375, 'tpr': 0.75}
tone no_complaint {'offset': 1.4, 'fpr': 0.0625, 'tpr': 0.85}
tone no_complaint {'offset': 1.3, 'fpr': 0.05, 'tpr': 0.75}
tone complaint {'offset': 0.0, 'fpr': 0.0, 'tpr': 0.6}
tone complaint {'offset': 1.0, 'fpr': 0.0, 'tpr': 0.65}
tone complaint {'offset': 2.0, 'fpr': 0.1, 'tpr': 0.7}
tone complaint {'offset': 1.5, 'fpr': 0.0125, 'tpr': 0.65}
tone complaint {'offset': 1.8, 'fpr': 0.05, 'tpr': 0.7}
tone complaint {'offset': 1.9, 'fpr': 0.05, 'tpr': 0.7}
tone chosen {"no_complaint": {"offset": 1.2, "fpr": 0.0375, "tpr": 0.75}, "complaint": {"offset": 1.9, "fpr": 0.05, "tpr": 0.7}} 3.4 s
opamp no_complaint {'offset': 0.0, 'fpr': 0.0, 'tpr': 0.2}
opamp no_complaint {'offset': 1.0, 'fpr': 0.0, 'tpr': 0.2}
opamp no_complaint {'offset': 2.0, 'fpr': 0.0, 'tpr': 0.2}
opamp no_complaint {'offset': 4.0, 'fpr': 0.0375, 'tpr': 0.2}
opamp no_complaint {'offset': 6.0, 'fpr': 1.0, 'tpr': 1.0}
opamp no_complaint {'offset': 5.0, 'fpr': 0.2875, 'tpr': 0.7}
opamp no_complaint {'offset': 4.5, 'fpr': 0.125, 'tpr': 0.4}
opamp no_complaint {'offset': 4.2, 'fpr': 0.075, 'tpr': 0.4}
opamp no_complaint {'offset': 4.1, 'fpr': 0.0625, 'tpr': 0.3}
opamp complaint {'offset': 0.0, 'fpr': 0.0, 'tpr': 0.2}
opamp complaint {'offset': 1.0, 'fpr': 0.0, 'tpr': 0.25}
opamp complaint {'offset': 2.0, 'fpr': 0.0, 'tpr': 0.2}
opamp complaint {'offset': 4.0, 'fpr': 0.0, 'tpr': 0.3}
opamp complaint {'offset': 6.0, 'fpr': 0.8375, 'tpr': 0.65}
opamp complaint {'offset': 5.0, 'fpr': 0.1625, 'tpr': 0.5}
opamp complaint {'offset': 4.5, 'fpr': 0.025, 'tpr': 0.4}
opamp complaint {'offset': 4.8, 'fpr': 0.0625, 'tpr': 0.45}
opamp complaint {'offset': 4.6, 'fpr': 0.025, 'tpr': 0.35}
opamp complaint {'offset': 4.7, 'fpr': 0.0625, 'tpr': 0.4}
opamp chosen {"no_complaint": {"offset": 2.0, "fpr": 0.0, "tpr": 0.2}, "complaint": {"offset": 4.5, "fpr": 0.025, "tpr": 0.4}} 13.7 s
driver no_complaint {'offset': 0.0, 'fpr': 0.0125, 'tpr': 0.1}
driver no_complaint {'offset': 1.0, 'fpr': 0.0125, 'tpr': 0.15}
driver no_complaint {'offset': 2.0, 'fpr': 0.0375, 'tpr': 0.25}
driver no_complaint {'offset': 4.0, 'fpr': 0.15, 'tpr': 0.45}
driver no_complaint {'offset': 3.0, 'fpr': 0.0875, 'tpr': 0.35}
driver no_complaint {'offset': 2.5, 'fpr': 0.05, 'tpr': 0.3}
driver no_complaint {'offset': 2.8, 'fpr': 0.075, 'tpr': 0.3}
driver no_complaint {'offset': 2.6, 'fpr': 0.0625, 'tpr': 0.3}
driver complaint {'offset': 0.0, 'fpr': 0.0, 'tpr': 0.3}
driver complaint {'offset': 1.0, 'fpr': 0.0125, 'tpr': 0.3}
driver complaint {'offset': 2.0, 'fpr': 0.0125, 'tpr': 0.45}
driver complaint {'offset': 4.0, 'fpr': 0.0875, 'tpr': 0.55}
driver complaint {'offset': 3.0, 'fpr': 0.05, 'tpr': 0.45}
driver complaint {'offset': 3.5, 'fpr': 0.0625, 'tpr': 0.5}
driver complaint {'offset': 3.2, 'fpr': 0.05, 'tpr': 0.5}
driver complaint {'offset': 3.4, 'fpr': 0.0625, 'tpr': 0.5}
driver complaint {'offset': 3.3, 'fpr': 0.0625, 'tpr': 0.5}
driver chosen {"no_complaint": {"offset": 2.5, "fpr": 0.05, "tpr": 0.3}, "complaint": {"offset": 3.2, "fpr": 0.05, "tpr": 0.5}} 13.8 s
