T1 ≥ 94% {'estimate': 0.9558, 'se': 0.0104, 'k': 1.5, 'direction': '>=', 'step': 0.01, 'bar': 0.94, 'n_pilot': 500, 'n_test': 1000, 'chance_met': 0.6141, 'pass_count': 952, 'n_units': 1000, 'raw_bar': 0.9402}
T2 ≥ 94% {'estimate': 0.965, 'se': 0.0144, 'k': 1.5, 'direction': '>=', 'step': 0.01, 'bar': 0.94, 'n_pilot': 200, 'n_test': 500, 'chance_met': 0.7225, 'pass_count': 478, 'n_units': 500, 'raw_bar': 0.9434}
T3 ≥ 99% {'estimate': 0.9967, 'se': 0.0063, 'k': 1.5, 'direction': '>=', 'step': 0.01, 'bar': 0.99, 'n_pilot': 500, 'n_test': 1000, 'chance_met': 0.4646, 'pass_count': 995, 'n_units': 1000, 'raw_bar': 0.9872}
T4 ≥ +4 points each {'estimate_vs_fixed_order': 0.145, 'se_vs_fixed_order': 0.0335, 'bar_vs_fixed_order': 0.09, 'estimate_vs_random': 0.09, 'se_vs_random': 0.0302, 'bar_vs_random': 0.04, 'estimate_vs_half_split': 0.125, 'se_vs_half_split': 0.0324, 'bar_vs_half_split': 0.08, 'chance_met': 0.61, 'k': 1.5, 'direction': '>=', 'step': 0.01, 'bar': 0.04, 'n_pilot': 200, 'n_test': 500, 'rule': "the smallest of the three margin bars, met when every margin's lower bound clears it"}
T6 ≥ 91% {'estimate': 0.9317, 'se': 0.0122, 'k': 1.5, 'direction': '>=', 'step': 0.01, 'bar': 0.91, 'n_pilot': 500, 'n_test': 1000, 'chance_met': 0.6899, 'drop_from_new': 0.0242, 'aged_flag_rate': 0.0525, 'aged_wrong_name_rate': 0.0158, 'aged_cs_top1': 0.94, 'n_aged': 500, 'pass_count': 924, 'n_units': 1000, 'raw_bar': 0.9133}
T8 ≤ 0.64× {'estimate': 0.6178, 'se': 0.0122, 'k': 1.5, 'direction': '<=', 'step': 0.01, 'bar': 0.64, 'n_pilot': 500, 'n_test': 1000, 'chance_met': 0.7064, 'accuracy_gap': 0.0692, 'raw_bar': 0.636}
T9 ≤ 0.67× {'estimate': 0.6507, 'se': 0.0119, 'k': 1.5, 'direction': '<=', 'step': 0.01, 'bar': 0.67, 'n_pilot': 500, 'n_test': 1000, 'chance_met': 0.6437, 'accuracy_gap': 0.0592, 'raw_bar': 0.6686}
T10 ≤ 0.59× {'estimate': 0.5717, 'se': 0.0111, 'k': 1.5, 'direction': '<=', 'step': 0.01, 'bar': 0.59, 'n_pilot': 500, 'n_test': 1000, 'chance_met': 0.6533, 'accuracy_gap': 0.0483, 'raw_bar': 0.5884}
T11 ≤ 0.98× {'estimate': 0.9651, 'se': 0.0096, 'k': 1.5, 'direction': '<=', 'step': 0.01, 'bar': 0.98, 'n_pilot': 500, 'n_test': 1000, 'chance_met': 0.6221, 'accuracy_gap': 0.0125, 'raw_bar': 0.9796}
T12 ≤ 0.02 {'estimate': 0.0121, 'se': 0.0055, 'k': 1.5, 'direction': '<=', 'step': 0.01, 'bar': 0.02, 'n_pilot': 500, 'n_test': 1000, 'chance_met': 0.5867, 'brier': 0.0881, 'log_loss': 0.2183, 'step_ece_equal_width': 0.0143, 'raw_bar': 0.0204}
T13 ≤ 12% {'estimate': 0.088, 'se': 0.02, 'k': 1.5, 'direction': '<=', 'step': 0.01, 'bar': 0.12, 'n_pilot': 250.0, 'n_test': 500, 'chance_met': 0.6394, 'pass_count': 49, 'n_units': 500, 'raw_bar': 0.118}
T22 ≥ 51% flagged; AUROC ≥ 0.77 {'flagged_estimate': 0.552, 'flagged_se': 0.0293, 'flagged_bar': 0.51, 'estimate': 0.8011, 'se': 0.0187, 'bar': 0.77, 'k': 1.5, 'direction': '>=', 'step': 0.01, 'n_pilot': 250.0, 'n_test': 500, 'chance_met': 0.387}
T23 ≥ 94% named; ≥ 99% right when naming {'estimate': 0.9575, 'se': 0.009, 'bar': 0.94, 'accuracy_estimate': 0.9983, 'accuracy_se': 0.0017, 'accuracy_bar': 0.99, 'k': 1.5, 'direction': '>=', 'step': 0.01, 'n_pilot': 500, 'n_test': 1000, 'chance_met': 0.7385}
T14 ≥ −1 points each {'wrong_prior_catalog_mix': -0.0008, 'wrong_prior_catalog_mix_se': 0.0069, 'uniform_prior_capacitor_mix': -0.0007, 'uniform_prior_capacitor_mix_se': 0.0053, 'bar': -0.01, 'bar_catalog_mix': -0.01, 'bar_capacitor_mix': -0.01, 'k': 1.5, 'direction': '>=', 'step': 0.01, 'n_pilot': 500, 'n_test': 1000, 'chance_met': 0.3784}
{
 "accuracy_weighted": {
  "engine": 0.9433333333333334,
  "fixed_order": 0.8741666666666666,
  "half_split": 0.8841666666666667,
  "random": 0.895,
  "hybrid": 0.9558333333333333
 },
 "engine_disc_top1_weighted": 0.9174999999999999,
 "engine_disc_top1_cs": 0.875,
 "cs_top1": {
  "hybrid": 0.965,
  "engine": 0.93,
  "engine_disc": 0.875,
  "fixed_order": 0.785,
  "half_split": 0.805,
  "random": 0.84
 },
 "cs_mean_effort": {
  "hybrid": 6.16,
  "engine": 7.215,
  "fixed_order": 25.055,
  "half_split": 23.4,
  "random": 24.14
 },
 "effort": {
  "hybrid": {
   "effort": 5.621666666666666,
   "probing": 5.501666666666666,
   "unsoldering": 0.12,
   "confirming_charge": 9.855,
   "confirmed_effort": 15.476666666666667,
   "share_charged": 0.9524999999999999,
   "flagged": 0.042499999999999996
  },
  "engine": {
   "effort": 6.260833333333332,
   "probing": 6.140833333333333,
   "unsoldering": 0.12,
   "confirming_charge": 9.774999999999999,
   "confirmed_effort": 16.035833333333336,
   "share_charged": 0.9441666666666666,
   "flagged": 0.05083333333333333
  },
  "fixed_order": {
   "effort": 19.520833333333336,
   "probing": 15.017499999999998,
   "unsoldering": 4.503333333333334,
   "confirming_charge": 6.436666666666667,
   "confirmed_effort": 25.9575,
   "share_charged": 0.6166666666666667,
   "flagged": 0.043333333333333335
  },
  "half_split": {
   "effort": 18.611666666666665,
   "probing": 13.548333333333334,
   "unsoldering": 5.0633333333333335,
   "confirming_charge": 6.031666666666666,
   "confirmed_effort": 24.643333333333334,
   "share_charged": 0.5766666666666667,
   "flagged": 0.043333333333333335
  },
  "random": {
   "effort": 17.958333333333332,
   "probing": 17.958333333333332,
   "unsoldering": 0.0,
   "confirming_charge": 10.09,
   "confirmed_effort": 28.048333333333336,
   "share_charged": 0.9725,
   "flagged": 0.0275
  }
 },
 "raw_effort_ratio": {
  "fixed_order": 0.3207257203842048,
  "half_split": 0.33639294349422405,
  "random": 0.34863109048723895
 },
 "n_pilot": {
  "channel_strip": 200,
  "psu": 60,
  "triode": 60,
  "tone": 60,
  "opamp": 60,
  "driver": 60
 },
 "complaint_accuracy_change_pts": 1.2499999999999956,
 "complaint_effort_saving_pct": 3.486982279270401,
 "joint_chance_primaries": 0.062393700820946967,
 "expected_primary_misses": 2.2163287023739024
}
